
> build
> vite build

vite v7.0.6 building for production...
transforming...
✓ 3 modules transformed.
Generated an empty chunk: "app".
rendering chunks...
computing gzip size...
public/build/manifest.json                0.52 kB │ gzip:  0.21 kB
public/build/assets/theme-CV0shmWf.css   21.70 kB │ gzip:  4.42 kB
public/build/assets/app-DXL-XGN_.css    216.38 kB │ gzip: 29.27 kB
public/build/assets/app-l0sNRNKZ.js       0.00 kB │ gzip:  0.02 kB
✓ built in 6.33s
